../Core/Src/main.c:109:5:main	22
../Core/Src/main.c:356:6:SystemClock_Config	4
../Core/Src/main.c:417:13:MX_I2C1_Init	4
../Core/Src/main.c:453:13:MX_USART1_UART_Init	2
../Core/Src/main.c:489:13:MX_USART2_UART_Init	2
../Core/Src/main.c:510:13:MX_DMA_Init	1
../Core/Src/main.c:526:13:MX_GPIO_Init	1
../Core/Src/main.c:547:6:HAL_I2C_MemRxCpltCallback	2
../Core/Src/main.c:556:20:user_i2c_read	5
../Core/Src/main.c:578:20:user_i2c_write	2
../Core/Src/main.c:585:6:user_delay_us	1
../Core/Src/main.c:596:6:Error_Handler	1
