../Core/Src/main.c:107:5:main	424	static
../Core/Src/main.c:350:6:SystemClock_Config	96	static
../Core/Src/main.c:411:13:MX_I2C1_Init	8	static
../Core/Src/main.c:447:13:MX_USART2_UART_Init	8	static
../Core/Src/main.c:468:13:MX_DMA_Init	16	static
../Core/Src/main.c:484:13:MX_GPIO_Init	40	static
../Core/Src/main.c:505:6:HAL_I2C_MemRxCpltCallback	16	static
../Core/Src/main.c:514:20:user_i2c_read	48	static
../Core/Src/main.c:536:20:user_i2c_write	48	static
../Core/Src/main.c:543:6:user_delay_us	24	static
../Core/Src/main.c:554:6:Error_Handler	4	static,ignoring_inline_asm
